[  238227ms] TypeError: Cannot read properties of undefined (reading 'isNearBubble')
    at FloatingEngine.tick (http://localhost:4321/src/scripts/floating-engine.ts:330:22)
    at Timeline2.onComplete (http://localhost:4321/src/scripts/floating-engine.ts:232:14)
    at _callback2 (http://localhost:4321/node_modules/.vite/deps/gsap.js?v=18852560:750:62)
    at Timeline2.render3 [as render] (http://localhost:4321/node_modules/.vite/deps/gsap.js?v=18852560:1657:15)
    at Timeline2.render3 [as render] (http://localhost:4321/node_modules/.vite/deps/gsap.js?v=18852560:1614:19)
    at _lazySafeRender2 (http://localhost:4321/node_modules/.vite/deps/gsap.js?v=18852560:173:13)
    at Array.updateRoot (http://localhost:4321/node_modules/.vite/deps/gsap.js?v=18852560:1920:7)
    at _tick2 (http://localhost:4321/node_modules/.vite/deps/gsap.js?v=18852560:967:24)
[  238240ms] TypeError: Cannot read properties of undefined (reading 'isNearBubble')
    at FloatingEngine.tick (http://localhost:4321/src/scripts/floating-engine.ts:330:22)
    at Timeline2.onComplete (http://localhost:4321/src/scripts/floating-engine.ts:232:14)
    at _callback2 (http://localhost:4321/node_modules/.vite/deps/gsap.js?v=18852560:750:62)
    at Timeline2.render3 [as render] (http://localhost:4321/node_modules/.vite/deps/gsap.js?v=18852560:1657:15)
    at Timeline2.render3 [as render] (http://localhost:4321/node_modules/.vite/deps/gsap.js?v=18852560:1614:19)
    at _lazySafeRender2 (http://localhost:4321/node_modules/.vite/deps/gsap.js?v=18852560:173:13)
    at Array.updateRoot (http://localhost:4321/node_modules/.vite/deps/gsap.js?v=18852560:1920:7)
    at _tick2 (http://localhost:4321/node_modules/.vite/deps/gsap.js?v=18852560:967:24)
[  272180ms] TypeError: Cannot read properties of undefined (reading 'addPoint')
    at HTMLDivElement.<anonymous> (http://localhost:4321/src/scripts/floating-engine.ts:87:18)
[  272180ms] TypeError: Cannot read properties of undefined (reading 'addPoint')
    at HTMLDivElement.<anonymous> (http://localhost:4321/src/scripts/floating-engine.ts:87:18)
[  272592ms] TypeError: Cannot read properties of undefined (reading 'addPoint')
    at HTMLDivElement.<anonymous> (http://localhost:4321/src/scripts/floating-engine.ts:87:18)
[  272592ms] TypeError: Cannot read properties of undefined (reading 'addPoint')
    at HTMLDivElement.<anonymous> (http://localhost:4321/src/scripts/floating-engine.ts:87:18)
[  272594ms] TypeError: Cannot read properties of undefined (reading 'addPoint')
    at HTMLDivElement.<anonymous> (http://localhost:4321/src/scripts/floating-engine.ts:87:18)
[  272595ms] TypeError: Cannot read properties of undefined (reading 'addPoint')
    at HTMLDivElement.<anonymous> (http://localhost:4321/src/scripts/floating-engine.ts:87:18)
[  272619ms] TypeError: Cannot read properties of undefined (reading 'addPoint')
    at HTMLDivElement.<anonymous> (http://localhost:4321/src/scripts/floating-engine.ts:87:18)
[  272619ms] TypeError: Cannot read properties of undefined (reading 'addPoint')
    at HTMLDivElement.<anonymous> (http://localhost:4321/src/scripts/floating-engine.ts:87:18)
